timestamp,tamanho_bytes,indice_chamada,rtt_ms
2026-09-01T13:04:36.818853+00:00,1,0,3.4604580141603947
2026-09-01T13:04:36.819506+00:00,1,1,0.2689170651137829
2026-09-01T13:04:36.819728+00:00,1,2,0.18787500448524952
2026-09-01T13:04:36.819926+00:00,1,3,0.20445813424885273
2026-09-01T13:04:36.820134+00:00,1,4,0.19141612574458122
2026-09-01T13:04:36.820327+00:00,1,5,0.17570913769304752
2026-09-01T13:04:36.820523+00:00,1,6,0.1732921227812767
2026-09-01T13:04:36.820711+00:00,1,7,0.17324998043477535
2026-09-01T13:04:36.820879+00:00,1,8,0.17650006338953972
2026-09-01T13:04:36.821053+00:00,1,9,0.1455419696867466
2026-09-01T13:04:36.821206+00:00,1,10,0.13945810496807098
2026-09-01T13:04:36.821366+00:00,1,11,0.15737488865852356
2026-09-01T13:04:36.821524+00:00,1,12,0.15358300879597664
2026-09-01T13:04:36.821672+00:00,1,13,0.1443750225007534
2026-09-01T13:04:36.821819+00:00,1,14,0.14254101552069187
2026-09-01T13:04:36.821967+00:00,1,15,0.13583293184638023
2026-09-01T13:04:36.822120+00:00,1,16,0.14716689474880695
2026-09-01T13:04:36.822267+00:00,1,17,0.13166689313948154
2026-09-01T13:04:36.822399+00:00,1,18,0.13091694563627243
2026-09-01T13:04:36.822547+00:00,1,19,0.1421249471604824
2026-09-01T13:04:36.822730+00:00,10000,0,0.15991716645658016
2026-09-01T13:04:36.822874+00:00,10000,1,0.1385000068694353
2026-09-01T13:04:36.823016+00:00,10000,2,0.1386671792715788
2026-09-01T13:04:36.823159+00:00,10000,3,0.13229204341769218
2026-09-01T13:04:36.823309+00:00,10000,4,0.14466606080532074
2026-09-01T13:04:36.823459+00:00,10000,5,0.13999990187585354
2026-09-01T13:04:36.823612+00:00,10000,6,0.1411670818924904
2026-09-01T13:04:36.823743+00:00,10000,7,0.12720911763608456
2026-09-01T13:04:36.823872+00:00,10000,8,0.12345798313617706
2026-09-01T13:04:36.824012+00:00,10000,9,0.1271250657737255
2026-09-01T13:04:36.824144+00:00,10000,10,0.11966703459620476
2026-09-01T13:04:36.824284+00:00,10000,11,0.13875006698071957
2026-09-01T13:04:36.824417+00:00,10000,12,0.14479109086096287
2026-09-01T13:04:36.824574+00:00,10000,13,0.14083296991884708
2026-09-01T13:04:36.824727+00:00,10000,14,0.1338748261332512
2026-09-01T13:04:36.824863+00:00,10000,15,0.1279159914702177
2026-09-01T13:04:36.825011+00:00,10000,16,0.13862503692507744
2026-09-01T13:04:36.825146+00:00,10000,17,0.13445783406496048
2026-09-01T13:04:36.825278+00:00,10000,18,0.12629106640815735
2026-09-01T13:04:36.825425+00:00,10000,19,0.13433396816253662
2026-09-01T13:04:36.825600+00:00,100000,0,0.17904210835695267
2026-09-01T13:04:36.825790+00:00,100000,1,0.1614170614629984
2026-09-01T13:04:36.825962+00:00,100000,2,0.16924994997680187
2026-09-01T13:04:36.826129+00:00,100000,3,0.15162513591349125
2026-09-01T13:04:36.826295+00:00,100000,4,0.1597090158611536
2026-09-01T13:04:36.826457+00:00,100000,5,0.15354203060269356
2026-09-01T13:04:36.826632+00:00,100000,6,0.16220798715949059
2026-09-01T13:04:36.826788+00:00,100000,7,0.14183297753334045
2026-09-01T13:04:36.826950+00:00,100000,8,0.16516703180968761
2026-09-01T13:04:36.827136+00:00,100000,9,0.17620809376239777
2026-09-01T13:04:36.827319+00:00,100000,10,0.17116614617407322
2026-09-01T13:04:36.827493+00:00,100000,11,0.18454203382134438
2026-09-01T13:04:36.827730+00:00,100000,12,0.20370795391499996
2026-09-01T13:04:36.827895+00:00,100000,13,0.16316701658070087
2026-09-01T13:04:36.828078+00:00,100000,14,0.16829092055559158
2026-09-01T13:04:36.828245+00:00,100000,15,0.15783286653459072
2026-09-01T13:04:36.828422+00:00,100000,16,0.17062504775822163
2026-09-01T13:04:36.828605+00:00,100000,17,0.15275017358362675
2026-09-01T13:04:36.828758+00:00,100000,18,0.1410841941833496
2026-09-01T13:04:36.828919+00:00,100000,19,0.16054115258157253
2026-09-01T13:04:36.829783+00:00,1000000,0,0.7998750079423189
2026-09-01T13:04:36.830459+00:00,1000000,1,0.59908302500844
2026-09-01T13:04:36.831056+00:00,1000000,2,0.5510419141501188
2026-09-01T13:04:36.831737+00:00,1000000,3,0.7029580883681774
2026-09-01T13:04:36.832409+00:00,1000000,4,0.6009591743350029
2026-09-01T13:04:36.832933+00:00,1000000,5,0.5250829271972179
2026-09-01T13:04:36.833447+00:00,1000000,6,0.45599997974932194
2026-09-01T13:04:36.834025+00:00,1000000,7,0.5927090533077717
2026-09-01T13:04:36.834790+00:00,1000000,8,0.6999578326940536
2026-09-01T13:04:36.835354+00:00,1000000,9,0.5457079969346523
2026-09-01T13:04:36.835863+00:00,1000000,10,0.4439160693436861
2026-09-01T13:04:36.836363+00:00,1000000,11,0.4764581099152565
2026-09-01T13:04:36.836816+00:00,1000000,12,0.4343329928815365
2026-09-01T13:04:36.837629+00:00,1000000,13,0.8280419278889894
2026-09-01T13:04:36.838255+00:00,1000000,14,0.5641670431941748
2026-09-01T13:04:36.838766+00:00,1000000,15,0.46845804899930954
2026-09-01T13:04:36.839250+00:00,1000000,16,0.458667054772377
2026-09-01T13:04:36.839721+00:00,1000000,17,0.4361250903457403
2026-09-01T13:04:36.840179+00:00,1000000,18,0.43004192411899567
2026-09-01T13:04:36.840648+00:00,1000000,19,0.44666603207588196
